<?xml version="1.0" encoding="UTF-8" standalone="no"?>
<mappingRoot xmlns="http://www.ibm.com/2008/ccl/Mapping" xmlns:map="default" domainID="com.ibm.msl.mapping.xml" domainIDExtension="mb" mainMap="true" targetNamespace="default" version="8.0.5.0">
    <input path="/Delimited.xsd"/>
    <output path="/FixedLength.xsd"/>
    <generation engine="xquery"/>
    <mappingDeclaration name="DelimitedtoFixedLength_Mapping">
        <input path="mb:msg(MessageDelimited,assembly,DFDL,Properties)" var="ComIbmMessageAssembly_MessageDelimited"/>
        <output path="mb:msg(MessageFixedLength,assembly,DFDL,Properties)" var="ComIbmMessageAssembly_MessageFixedLength"/>
        <move>
            <input path="$ComIbmMessageAssembly_MessageDelimited/Properties"/>
            <output path="$ComIbmMessageAssembly_MessageFixedLength/Properties"/>
            <override>
                <assign value="{}:MessageFixedLength">
                    <output path="$ComIbmMessageAssembly_MessageFixedLength/Properties/MessageType"/>
                </assign>
            </override>
        </move>
        <foreach>
            <input path="$ComIbmMessageAssembly_MessageDelimited/MessageDelimited/Item"/>
            <output path="$ComIbmMessageAssembly_MessageFixedLength/MessageFixedLength/Item"/>
            <move>
                <input path="LastName"/>
                <output path="LastName"/>
            </move>
            <move>
                <input path="FirstName"/>
                <output path="FirstName"/>
            </move>
            <move>
                <input path="Address"/>
                <output path="Address"/>
            </move>
            <move>
                <input path="DateOfBirth"/>
                <output path="DateOfBirth"/>
            </move>
        </foreach>
    </mappingDeclaration>
</mappingRoot>
