<?xml version="1.0" encoding="UTF-8" standalone="no"?>
<mappingRoot xmlns="http://www.ibm.com/2008/ccl/Mapping" xmlns:map="default" domainID="com.ibm.msl.mapping.xml" domainIDExtension="mb" mainMap="true" targetNamespace="default" version="8.0.5.0">
    <input path="/XMLSchema.xsd"/>
    <output path="/Delimited.xsd"/>
    <namespaces>
        <namespace kind="supplement" prefix="in" uri="http://ibm.com/example"/>
    </namespaces>
    <generation engine="xquery"/>
    <mappingDeclaration name="XMLtoDelimited_Mapping">
        <input namespace="http://ibm.com/example" path="mb:msg(Message,assembly,XMLNSC,Properties)" var="ComIbmMessageAssembly_Message"/>
        <output path="mb:msg(MessageDelimited,assembly,DFDL,Properties)" var="ComIbmMessageAssembly_MessageDelimited"/>
        <move>
            <input path="$ComIbmMessageAssembly_Message/Properties"/>
            <output path="$ComIbmMessageAssembly_MessageDelimited/Properties"/>
            <override>
                <assign value="{}:MessageDelimited">
                    <output path="$ComIbmMessageAssembly_MessageDelimited/Properties/MessageType"/>
                </assign>
            </override>
        </move>
        <foreach>
            <input path="$ComIbmMessageAssembly_Message/Message/Item"/>
            <output path="$ComIbmMessageAssembly_MessageDelimited/MessageDelimited/Item"/>
            <move>
                <input path="LastName"/>
                <output path="LastName"/>
            </move>
            <move>
                <input path="FirstName"/>
                <output path="FirstName"/>
            </move>
            <move>
                <input path="Address"/>
                <output path="Address"/>
            </move>
            <move>
                <input path="DateOfBirth"/>
                <output path="DateOfBirth"/>
            </move>
        </foreach>
    </mappingDeclaration>
</mappingRoot>
